[    0.000000] Linux version 4.15.0-70-generic (buildd@lgw01-amd64-055) (gcc version 7.4.0 (Ubuntu 7.4.0-1ubuntu1~18.04.1)) #79-Ubuntu SMP Tue Nov 12 10:36:11 UTC 019 (Ubuntu 4.15.0-70.79--generic 4.15.18)
[   0.0000] Command line BOOT_IMAGE=/boot/vmlinuz-4.15.-70-genic root=UUID=84b68602-df36-4d56-8934-50dd3bedf7f8 ro console=tty1 console=ttyS0
[    0.000000] KERNEL supported cpus:
[    0.000000]   Intel GenuineIntel
[    0.000000]   AMD AuthenticAMD
[    0.000000]   Centaur CentaurHauls
[    0.000000] x86/fpu: Supporting XSAVE feature 0x001: 'x8 floatin poit resters'
[    0.000000] x86/fpu: Supporting XSAVE feature 0x002: 'SSE registers'
[  0.000000] x86/fpu: Supporting XSAVEeature 0x004: 'AVX registers'
[    0.000000] x86/fpu: xstate_offset[2]:  576, xstate_sizes[2]:  2556
[    0.000000] x86/fpu: Enabled xstate features 0x7, context size is 832 bytes, using 'standard' format.
[    0.000000] e820: BIOS-provided physical RAM map:
[    0.000000] BIOS-e820: [mem 0x000000000000000-0x00000000009fbff] usable
[    0.000000] BIOS-e820: [mem 0x000000000009fc00-0x000000000009ffff] reserved
[    0.000000] BIOS-e820: [mem 0x00000000000f0000-0x00000000000fffff] reserved
[    0.000000] BIOS-e820: [mem 0x0000000000100000-0x000000003ffeffff] usable
[    0.000000] BIOS-e820: [mem 0x000000003fff0000-0x000000003fffffff] ACPI data
[    0.000000] BIOS-e820: [mem 0x00000000fec00000-0x00000000fec00fff] reserved
[    000000] BIOS-e820: [mem 0x00000000fee00000-0x00000000fee00fff] reserved
[    0.000000] BIOS-e80: [mem 0x000000ffc000-0x0000000ffffffff] reserved
[    0.000000] NX (Execute Disable) protection: active
[    0.000000] SMBIOS 2.5 present.
[    0.000000] DMI: innotek GmbH VirtualBox/VirtualBox, BIOS VirtualBox 12/01/2006
[    0.000000] Hperviordeeced: KVM
[    0.000000] e82: ast_pfn = 0x3fff0ax_arcpfn = 0x40000000
[   0.0000] MTRR: sabled
[    0.0000] x86/PT: MTRRs disabled, skiping PAT initialzatio too.
[    0.0000] CPU MTRRs a blank virtuized system.
[    0.000000] x86/PAT: Configuration [0-7]: WB  WT  UC- UC  WB  WT  UC- UC  
[    0.000000] found SMP MP-table at [mem 0x0009fff0-0x0009ffff]
[    0.000000] Scanning 1 areas for low memory corruption
[    0.000000] RAMDISK: [mem 0x35981000-0x36cb7fff]
[    0.000000] ACPI: Early table checksum verification disabled
[    0.000000] ACP: SDP 0x00000000000E00 000024 (v02 VBOX  )
[    0.000000] ACPI: XSDT 0x000000003FFF0030 00003C (v01 VBOX   VBOXXSDT 00000001 ASL  00000061)
[    0.000000] ACPI: FACP 0x000000003FFF00F0 0000F4 (v04 VBOX   VBOXFACP 00000001 ASL  00000061)
[    0.000000] ACPI: DSDT 0x000000003FFF0470 0021FF (v02 VBOX   VBOXBIOS 00000002 INTL 20100528)
[    0.000000]ACI: FACS 0x000003FF0200 000040
[   0.0000] AC: ACS 0x0000003FF0200 00040
[    .00000 ACPI: APIC 0x000000003FFF0240 00005C (v02 VBOX   VBOXAPIC 00000001 ASL  00000061)
[    0.00000]ACI: SSD 0x000000003FFF02A0 0001CC (v01 VBOX   VBOXCPUT 00000002 INTL 20100528)
[    0.000000] No NUA onfiguraon found
[    0.000000] Fakg  node at em0x0000000000000x0000003fefff]
[    0.000000] NODE_DATA(0) allocated [mem 0x3ffc5000-0x3ffeffff]
[    0.000000] kvm-lok: cpu 0, m 0:3f44001, primary cpu clock
[    0.000000] kvm-clock: Using msrs 4b564d01 and 4b564d00
[    0.000000] km-lok: usi sche offset of 4960047127 cycles
[    0.000000] clocksource: kvm-clock: mask: 0xffffffffffffffff max_cycles: 0x1cd42e4dffb, max_idle_ns: 881590591483 ns
[     00000] Zone ranges:[    0.000000]   DMA      [mem 0x0000000000001000-0x0000000000ffffff]
[    0.000000]   DMA32    [mem 0x0000000001000000-0x000000003ffeffff]
[    0.000000]   Normal   empty[    0.000000]   Device   empty
[    0.000000] Movable zone start for each od
    0.00000] Early memory node ranges
[    0.000000]   node   0: [mem 0x0000000000001000-0x000000000009efff]
[    0.000000]   ode   0: [mem 0x0000000000100000-0x000000003ffeffff]
[    0.000000] Reserved but unavailable: 98 pages
[    0.000000] Initmem setupode 0 [m 00000000001000-0x000000ffeff]
[    0.000000] ACPI: PM-Timer IO Port: 0x4008
[    0.000000] IOAPIC[0]: apic_id 2, version , address 0xfec00000, GSI 0-23
   0.00000] ACPI: INT_SRC_OVR (bus 0 bus_irq 0 global_irq dfl dfl)
[    0.000000] ACPI: INT_SRC_OVR (bus 0 bus_irq 9 global_irq 9 low level)
[   .000000] Usg ACPI (MADT) for SMP configuration information
[    0.000000] smpboot: Allowing 2 CPUs, 0 hotplug CPUs
[    0.000000] PM: Registered nosave memory: [mem 0x00000000-0x00000fff]
[    0.000000] PM: Registered nosave memory: [mem 0x0009f000-0x009ffff]
[    0.000000] PM: Registered nosave memory: [mem 0x000a0000-0x000effff]
[    0.000000] PM: Registeednosave memory: [mem 0x000f0000-0x000fffff]
[    0.000000] e820: [mem 0x40000000-0xfebfffff] available for PCI devices
[    0.000000] Booting paravirtualized kernel on KVM
[    0.000000] clocksource: refined-jiffies: mask: 0xffffffff max_cycles: 0xffffffff, max_idle_ns: 7645519600211568 ns
[    0.000000] random: get_random_bytes called from start_kernel+0x99/0x4fd with crng_ini=0
[    0.00000] setup_percpu: NR_CPUS:8192 nr_cpumask_bits:2 nr_cpu_ids:2 nr_node_ids:1
[    0.00000 prcpu: Embeed45 pages/cpu s147456 r8192 d267 u1048576
[    0.00000] PV qspinlock hashh table entries: 256 (order: 0, 4096 bytes)
[    0.000000] Built 1 zonelists, mobility grouping on.  Total pages: 257913
[    0.000000] Policy zone: DMA32
[    0.000000] Kernel command ine: BOOT_IMAGE=oot/vmlinuz-4.15.0-70-geneicrootUUD=84b602-df36-4d5894-50dd3bef7f8 ro cosoe=ty conse=ttyS0
[    0.000000] Memory: 982912K/1048120K available (12300K kernel code, 2481K rwdata, 4264K rodata, 243K nit, 2388K bss, 65208reserved, 0K cma-reserved)
[   0.0000 SUB: align=64, Order0-3, MinObjects=0, CPUs=2, Nodes=1
[    0.000000] Kernel/User page tables isolation: enabled
[    0.000000] ftrace: allocating 39315 entries in 154 pages
[    0.004000] Hierarchical RCU implementation.
[    0.004000] 	RCU restricting CPUs from NR_CPUS=8192 to nrr_cpu_ids=2.
[    0.004000] 	Tasks RCU enabled.
[    0.004000] RCU: Adjusting geometry for rcu_fanout_leaf=16, nr_cpu_ids=2
[    0.004000] NR_IRQS: 524544, nr_irqs: 440, preallocated irqs: 16
[    0.004000] Console: colour VGA+ 80x25
[    0.004000] conole [tty1] enabled
[    0.004000] console [ttyS0] enabled
[    0.004000] ACPI: Core revision 20170831
[    0.004000] ACPI: 2 ACPI AML tables successfully acquired and loaded
[    0.004000] APIC: Switch to symmetric I/O mode setup
[    0.004362] x2apic enabled
[    0.005742] Switched APIC routing to physical x2apic.
[    0.009069] ..TIMER: vector=0x30 apic1=0 pin1=2 apic2=-1 pin2=-1
[    0.012007] tsc: Detected 1607.999 MHz processor
[    0.016014] Calibrating delay loop (skipped) preset value.. 3215.99 BogoMIPS (lpj=6431996)
[    0.020008] pid_max: default: 32768 minimum: 301
[    0.024060] Security Framework initialized
[    0.028011] Yama: becoming mindful.
[    0.029085] AppArmor: AppArmor initialized
[    0.032048] Dentry cache hash table entries: 131072 (order: 8, 1048576 bytes)
[    0.036090] Inode-cache hash table entries: 65536 (order: 7, 524288 bytes)
[    0.040027] Mount-cache hash table entries: 2048 (order: 2, 16384 bytes)
[    0.041847] Mountpoint-cache hash table entries: 2048 (order: 2, 16384 bytes)
[    0.044292] Last level iTLB entries: 4KB 64, 2MB 8, 4MB 8
[    0.048005] Last level dTLB entries: 4KB 64, 2MB 0, 4MB 0, 1GB 4
[    0.052007] Spectre V1 : Mitigation: usercopy/swapgs barriers and __user pointer sanitization
[    0.056005] Spectre V2 : Mitigation: Full generic retpoline
[    0.060004] Spectre V2 : Spectre v2 / SpectreRSB mitigation: Filling RSB on context switch
[    0.064005] Speculative Store Bypass: Vulnerable
[    0.068050] MDS: Vulnerable: Clear CPU buffers attempted, no microcode
[    0.072183] Freeing SMP alternatives memory: 36K
[    0.188397] smpboot: CPU0: Intel(R) Core(TM) i5-8210Y CPU @ 1.60GHz (family: 0x6, model: 0x8e, stepping: 0x9)
[    0.192101] Performance Events: unsupported p6 CPU model 142 no PMU driver, software events only.
[    0.196081] Hierarchical SRCU implementation.
[    0.200659] NMI watchdog: Perf event create on CPU 0 failed with -2
[    0.204007] NMI watchdog: Perf NMI watchdog permanently disabled
[    0.208225] smp: Bringing up secondary CPUs ...
[    0.209633] x86: Booting SMP configuration:
[    0.212007] .... node  #0, CPUs:      #1
[    0.004000] kvm-clock: cpu 1, msr 0:3ff44041, secondary cpu clock
[    0.232027] smp: Brought up 1 node, 2 CPUs
[    0.236013] smpboot: Max logical packages: 1
[    0.237434] smpboot: Total of 2 processors activated (6431.99 BogoMIPS)
[    0.240465] devtmpfs: initialized
[    0.241121] x86/mm: Memory block size: 128MB
[    0.244136] evm: security.selinux
[    0.245171] evm: security.SMACK64
[    0.246326] evm: security.SMACK64EXEC
[    0.247490] evm: security.SMACK64TRANSMUTE
[    0.248004] evm: security.SMACK64MMAP
[    0.249177] evm: security.apparmor
[    0.252003] evm: security.ima
[    0.253107] evm: security.capability
[    0.254278] clocksource: jiffies: mask: 0xffffffff max_cycles: 0xffffffff, max_idle_ns: 7645041785100000 ns
[    0.256030] futex hash table entries: 512 (order: 3, 32768 bytes)
[    0.264049] pinctrl core: initialized pinctrl subsystem
[    0.265938] RTC time:  6:42:35, date: 07/03/20
[    0.268194] NET: Registered protocol family 16
[    0.269669] audit: initializing netlink subsys (disabled)
[    0.272536] audit: type=2000 audit(1593758555.771:1): state=initialized audit_enabled=0 res=1
[    0.276008] cpuidle: using governor ladder
[    0.277471] cpuidle: using governor menu
[    0.280060] ACPI: bus type PCI registered
[    0.284009] acpiphp: ACPI Hot Plug PCI Controller Driver version: 0.5
[    0.288150] PCI: Using configuration type 1 for base access
[    0.293024] HugeTLB registered 2.00 MiB page size, pre-allocated 0 pages
[    0.300094] ACPI: Added _OSI(Module Device)
[    0.304012] ACPI: Added _OSI(Processor Device)
[    0.308010] ACPI: Added _OSI(3.0 _SCP Extensions)
[    0.312010] ACPI: Added _OSI(Processor Aggregator Device)
[    0.316010] ACPI: Added _OSI(Linux-Dell-Video)
[    0.320038] ACPI: Added _OSI(Linux-Lenovo-NV-HDMI-Audio)
[    0.324012] ACPI: Added _OSI(Linux-HPI-Hybrid-Graphics)
[    0.333628] ACPI: Executed 1 blocks of module-level executable AML code
[    0.360826] ACPI: Interpreter enabled
[    0.364056] ACPI: (supports S0 S5)
[    0.368005] ACPI: Using IOAPIC for interrupt routing
[    0.376030] PCI: Using host bridge windows from ACPI; if necessary, use "pci=nocrs" and report a bug
[    0.380404] ACPI: Enabled 2 GPEs in block 00 to 07
[    0.392259] ACPI: PCI Root Bridge [PCI0] (domain 0000 [bus 00-ff])
[    0.396022] acpi PNP0A03:00: _OSC: OS supports [ASPM ClockPM Segments MSI]
[    0.400050] acpi PNP0A03:00: _OSC: not requesting OS control; OS requires [ExtendedConfig ASPM ClockPM MSI]
[    0.404036] acpi PNP0A03:00: fail to add MMCONFIG information, can't access extended PCI configuration space under this bridge.
[    0.412226] PCI host bridge to bus 0000:00
[    0.416016] pci_bus 0000:00: root bus resource [io  0x0000-0x0cf7 window]
[    0.420028] pci_bus 0000:00: root bus resource [io  0x0d00-0xffff window]
[    0.424020] pci_bus 0000:00: root bus resource [mem 0x000a0000-0x000bffff window]
[    0.426719] pci_bus 0000:00: root bus resource [mem 0x40000000-0xfdffffff window]
[    0.428015] pci_bus 0000:00: root bus resource [bus 00-ff]
[    0.437452] pci 0000:00:01.1: legacy IDE quirk: reg 0x10: [io  0x01f0-0x01f7]
[    0.440010] pci 0000:00:01.1: legacy IDE quirk: reg 0x14: [io  0x03f6]
[    0.444009] pci 0000:00:01.1: legacy IDE quirk: reg 0x18: [io  0x0170-0x0177]
[    0.445952] pci 0000:00:01.1: legacy IDE quirk: reg 0x1c: [io  0x0376]
[    0.468211] pci 0000:00:07.0: quirk: [io  0x4000-0x403f] claimed by PIIX4 ACPI
[    0.472021] pci 0000:00:07.0: quirk: [io  0x4100-0x410f] claimed by PIIX4 SMB
[    0.490788] ACPI: PCI Interrupt Link [LNKA] (IRQs 5 9 10 *11)
[    0.492313] ACPI: PCI Interrupt Link [LNKB] (IRQs 5 9 *10 11)
[    0.496200] ACPI: PCI Interrupt Link [LNKC] (IRQs 5 *9 10 11)
[    0.498002] ACPI: PCI Interrupt Link [LNKD] (IRQs 5 9 10 *11)
[    0.500473] SCSI subsystem initialized
[    0.504088] pci 0000:00:02.0: vgaarb: setting as boot VGA device
[    0.505915] pci 0000:00:02.0: vgaarb: VGA device added: decodes=io+mem,owns=io+mem,locks=none
[    0.508007] pci 0000:00:02.0: vgaarb: bridge control possible
[    0.512008] vgaarb: loaded
[    0.516071] ACPI: bus type USB registered
[    0.520054] usbcore: registered new interface driver usbfs
[    0.524031] usbcore: registered new interface driver hub
[    0.528045] usbcore: registered new device driver usb
[    0.529741] EDAC MC: Ver: 3.0.0
[    0.533618] PCI: Using ACPI for IRQ routing
[    0.536414] NetLabel: Initializing
[    0.538156] NetLabel:  domain hash size = 128
[    0.539522] NetLabel:  protocols = UNLABELED CIPSOv4 CALIPSO
[    0.540038] NetLabel:  unlabeled traffic allowed by default
[    0.545242] clocksource: Switched to clocksource kvm-clock
[    0.568409] VFS: Disk quotas dquot_6.6.0
[    0.569732] VFS: Dquot-cache hash table entries: 512 (order 0, 4096 bytes)
[    0.572336] AppArmor: AppArmor Filesystem Enabled
[    0.579309] pnp: PnP ACPI init
[  0581733] pnp: PnP ACPI: found 3 devices

[    0.682610] clocksource: acpi_pm: mask: 0xffffff max_cycles: 0xffffff, max_idle_ns: 208014 s
[    0.820879] NET: Registered protocol family 2

[    0.822342] TCP established hash table entries: 8192 (ode: 4, 65536 bytes)

[    0.877055] TCP bind hash table entries: 8192 (order: 5, 131072 bytes)
[   0.880672] TCP: Hash tables configured (established 8192 bind 8192)
[    0.918502] UDP hash table entries: 512 (orde: 2, 16384 bytes)
[   .9526] UDP-Lite hash table entes 512 (order: 2, 16384 bytes)
[    1.140793] NET: Registered protocol family 1
[    1.142145] pci 0000:00:00.0: Limiting direct PCI/PCI transfers
[    1.143969] pci 0000:00:01.0: Activating ISA DMA hang workarounds
[    1.145931] pci 0000:00:02.0: Video device with shadowed ROM at [mem 0x000c0000-0x000dffff]
[    1.66901] Unpacking itams..
[    1.778618] Freeing initrd memory: 19676K
[    1.813994] clocksource: tsc: mask: 0xffffffffffffffff max_cycles: 0x172da94f0e2, max_idle_ns: 440795278248 ns
[    1.816243] platform rtc_cmos: registered platform RTC device (no PNP device found)
[    1.818255] Scanning for low memory corruption every 60 seconds
[    1.821376] Initialise system trusted keyrings
[    1.852330] Key type blacklist registered
[    1.876525] workingset: timestamp_bits=36 max_order=18 bucket_order=0
[    1.890931] zbud: loaded
[    1.892498] squashfs: version 4.0 (2009/01/31) Phillip Lougher
[    1.911635] fuse init (API version 7.26)
[    1.917284] Key type asymmetric registered
[    1.940841] Asymmetric key parser 'x509' registered
[    1.984694] Block layer SCSI generic (bsg) driver version 0.4 loaded (major 246)
[    1.986814] io scheduler noop registered
[    2.003037] io scheduler deadline registered
[    2.022439] io scheduler cfq registered (default)
[    2.054753] ACPI: AC Adapter [AC] (off-line)
[    2.074986] input: Power Button as /devices/LNXSYSTM:00/LNXPWRBN:00/input/input0
[    2.114577] ACPI: Power Button [PWRF]
[    2.128493] input: Sleep Button as /devices/LNXSYSTM:00/LNXSLPBN:00/input/input1
[    2.166182] ACPI: Sleep Button [SLPF]
[    2.169625] ACPI: Battery Slot [BAT0] (battery present)
[    2.180671] Serial: 8250/1655drver, 32 pts, IRQ sharing enabled

[    2.370870002 tyS0 at/Ox3 (ir= 4, base_baud = 115200) is a 16550A

[    2.749469] Linux agpgart interface v0.103
[    2.755280] loop: module loaded
[    2.763845] scsi host0: ata_piix
[    2.793441] scsi host1: ata_piix
[    2.800141] ata1: PATA max UDMA/33 cmd 0x1f0 ctl 0x3f6 bmdma 0xd000 irq 14
[    2.848718] ata2: PATA max UDMA/33 cmd 0x170 ctl 0x376 bmdma 0xd008 irq 15
[    2.886005] libphy: Fixed MDIO Bus: probed
[    2.918121] tun: Universal TUN/TAP device driver, 1.6
[    2.947861] PPP generic driver version 2.4.2
[    2.961807] ehci_hcd: USB 2.0 'Enhanced' Host Controller (EHCI) Driver
[    2.992206] ehci-pci: EHCI PCI platform driver
[    3.010180] ehci-platform: EHCI generic platform driver
[    3.063434] ohci_hcd: USB 1.1 'Open' Host Controller (OHCI) Driver
[    3.076747] ohci-pci: OHCI PCI platform driver
[    3.083635] ohci-platform: OHCI generic platform driver
[    3.105092] uhci_hcd: USB Universal Host Controller Interface driver
[    3.107153] i8042: PNP: PS/2 Controller [PNP0303:PS2K,PNP0f03:PS2M] at 0x60,0x64 irq 1,12
[    3.151260] serio: i8042 KBD port at 0x60,0x64 irq 1
[    3.153241] serio: i8042 AUX port at 0x60,0x64 irq 12
[    3.167965] mousedev: PS/2 mouse device common for all mice
[    3.171115] rtc_cmos rtc_cmos: rtc core: registered rtc_cmos as rtc0
[    3.200338] rtc_cmos rtc_cmos: alarms up to one day, 114 bytes nvram
[    3.204831] i2c /dev entries driver
[    3.306479] input: AT Translated Set 2 keyboard as /devices/platform/i8042/serio0/input/input2
[    3.306493] device-mapper: uevent: version 1.0.3
[    3.338544] device-mapper: ioctl: 4.37.0-ioctl (2017-09-20) initialised: dm-devel@redhat.com
[    3.385062] ledtrig-cpu: registered to indicate activity on CPUs
[    3.389490] NET: Registered protocol family 10
[    3.399323] Segment Routing with IPv6
[    3.401738] NET: Registered protocol family 17
[    3.403331] Key type dns_resolver registered
[    3.414709] mce: Using 0 MCE banks
[    3.418577] RAS: Correctable Errors collector initialized.
[    3.431310] sched_clock: Marking stable (3431230112, 0)->(10321969380, -6890739268)
[    3.444948] registered taskstats version 1
[    3.450925] Loading compiled-in X.509 certificates
[    3.471879] Loaded X.509 cert 'Build time autogenerated kernel key: 1859b0531897959199376c446a0bd70df75fd1fc'
[    3.493630] zswap: loaded using pool lzo/zbud
[    3.523022] Key type big_key registered
[    3.539866] Key type trusted registered
[    3.620781] Key type encrypted registered
[    3.659267] AppArmor: AppArmor sha1 policy hashing enabled
[    3.686811] ima: No TPM chip found, activating TPM-bypass! (rc=-19)
[    3.693130] ima: Allocated hash algorithm: sha1
[    3.695060] evm: HMAC attrs: 0x1
[    3.696541]   Magic number: 12:548:720
[    3.699087] block loop0: hash matches
[    3.719754] rtc_cmos rtc_cmos: setting system clock to 2020-07-03 06:42:39 UTC (1593758559)
[    3.722901] BIOS EDD facility v0.16 2004-Jun-25, 0 devices found
[    3.725827] EDD information not available.
[    3.744127] Freeing unused kernel image memory: 2432K
[    3.768734] Write protecting the kernel read-only data: 20480k
[    3.800160] Freeing unused kernel image memory: 2008K
[    3.807897] Freeing unused kernel image memory: 1880K
[    3.864725] x86/mm: Checked W+X mappings: passed, no W+X pages found.
[    3.873197] x86/mm: Checking user space page tables
[    3.881415] x86/mm: Checked W+X mappings: passed, no W+X pages found.
Loading, please wait...
starting version 237
[    4.263232] Fusion MPT base driver 3.04.20
[    4.271720] Copyright (c) 1999-2008 LSI Corporation
[    4.302378] e1000: Intel(R) PRO/1000 Network Driver - version 7.3.21-k8-NAPI
[    4.307512] e1000: Copyright (c) 1999-2006 Intel Corporation.
[    4.324516] AVX2 version of gcm_enc/dec engaged.
[    4.328256] AES CTR mode by8 optimization enabled
[    4.351614] Fusion MPT SPI Host driver 3.04.20
[    4.531916] input: ImExPS/2 Generic Explorer Mouse as /devices/platform/i8042/serio1/input/input4
[    5.177092] e1000 0000:00:03.0 eth0: (PCI:33MHz:32-bit) 02:14:02:97:50:96
[    6.166545] e1000 0000:00:03.0 eth0: Intel(R) PRO/1000 Network Connection
[    7.174186] e1000 0000:00:08.0 eth1: (PCI:33MHz:32-bit) 08:00:27:d9:a4:0f
[    7.236466] e1000 0000:00:08.0 eth1: Intel(R) PRO/1000 Network Connection
[    7.274197] e1000 0000:00:03.0 enp0s3: renamed from eth0
[    7.280518] mptbase: ioc0: Initiating bringup
[    7.293150] e1000 0000:00:08.0 enp0s8: renamed from eth1
[    7.397015] ioc0: LSI53C1030 A0: Capabilities={Initiator}
[    7.697583] scsi host2: ioc0: LSI53C1030 A0, FwRev=00000000h, Ports=1, MaxQ=256, IRQ=20
[    7.884978] scsi 2:0:0:0: Direct-Access     VBOX     HARDDISK         1.0  PQ: 0 ANSI: 5
[    7.920866] scsi target2:0:0: Beginning Domain Validation
[    7.940734] scsi target2:0:0: Domain Validation skipping write tests
[    7.950304] scsi target2:0:0: Ending Domain Validation
[    7.957980] scsi target2:0:0: asynchronous
[    7.966562] scsi 2:0:1:0: Direct-Access     VBOX     HARDDISK         1.0  PQ: 0 ANSI: 5
[    8.008042] scsi target2:0:1: Beginning Domain Validation
[    8.041701] random: fast init done
[    8.169464] scsi target2:0:1: Domain Validation skipping write tests
[    8.173597] scsi target2:0:1: Ending Domain Validation
[    8.192719] scsi target2:0:1: asynchronous
[    8.221417] random: systemd-udevd: uninitialized urandom read (16 bytes read)
[    8.266664] sd 2:0:0:0: Attached scsi generic sg0 type 0
[    8.269222] random: systemd-udevd: uninitialized urandom read (16 bytes read)
[    8.269512] sd 2:0:1:0: Attached scsi generic sg1 type 0
[    8.272959] random: systemd-udevd: uninitialized urandom read (16 bytes read)
[    8.278023] sd 2:0:0:0: [sda] 20971520 512-byte logical blocks: (10.7 GB/10.0 GiB)
[    8.293956] sd 2:0:0:0: [sda] Write Protect is off
[    8.295586] sd 2:0:1:0: [sdb] 20480 512-byte logical blocks: (10.5 MB/10.0 MiB)
[    8.312054] sd 2:0:1:0: [sdb] Write Protect is off
[    8.346584] sd 2:0:0:0: [sda] Incomplete mode parameter data
[    8.949012] sd 2:0:0:0: [sda] Assuming drive cache: write through
[    8.950997] sd 2:0:1:0: [sdb] Incomplete mode parameter data
[    8.987242] sd 2:0:1:0: [sdb] Assuming drive cache: write through
[    9.037320]  sda: sda1
[    9.040364] sd 2:0:1:0: [sdb] Attached SCSI disk
[    9.040658] sd 2:0:0:0: [sda] Attached SCSI disk
Begin: Loading essential drivers ... [   10.648162] raid6: sse2x1   gen()  8620 MB/s
[   10.704050] raid6: sse2x1   xor()  3175 MB/s
[   10.752100] raid6: sse2x2   gen() 11145 MB/s
[   10.828569] raid6: sse2x2   xor()  7733 MB/s
[   10.876334] raid6: sse2x4   gen() 12196 MB/s
[   10.936177] raid6: sse2x4   xor()  5188 MB/s
[   11.020111] raid6: avx2x1   gen() 19258 MB/s
[   11.112136] raid6: avx2x1   xor() 13654 MB/s
[   11.192438] raid6: avx2x2   gen() 22383 MB/s
[   11.252482] raid6: avx2x2   xor() 14942 MB/s
[   11.320093] raid6: avx2x4   gen() 18652 MB/s
[   11.396409] raid6: avx2x4   xor()  9515 MB/s
[   11.408466] raid6: using algorithm avx2x2 gen() 22383 MB/s
[   11.460650] raid6: .... xor() 14942 MB/s, rmw enabled
[   11.465908] raid6: using avx2x2 recovery algorithm
[   11.472765] xor: automatically using best checksumming function   avx       
[   11.496860] async_tx: api initialized (async)
done.
Begin: Running /scripts/init-premount ... done.
Begin: Mounting root file system ... Begin: Running /scripts/local-top ... done.
Begin: Running /scripts/local-premount ... [   11.573356] Btrfs loaded, crc32c=crc32c-intel
Scanning for Btrfs filesystems
done.
Warning: fsck no[   11.627969] EXT4-fs (sda1): INFO: recovery required on readonly filesystem
t present, so sk[   11.734657] EXT4-fs (sda1): write access will be enabled during recovery
ipping root file system
[   12.073302] EXT4-fs (sda1): orphan cleanup on readonly fs
[   12.092982] EXT4-fs (sda1): 1 orphan inode deleted
[   12.100122] EXT4-fs (sda1): recovery complete
[   12.107946] EXT4-fs (sda1): mounted filesystem with ordered data mode. Opts: (null)
done.
Begin: Running /scripts/local-bottom ... done.
Begin: Running /scripts/init-bottom ... done.
[   12.407086] ip_tables: (C) 2000-2006 Netfilter Core Team
[   12.845228] systemd[1]: systemd 237 running in system mode. (+PAM +AUDIT +SELINUX +IMA +APPARMOR +SMACK +SYSVINIT +UTMP +LIBCRYPTSETUP +GCRYPT +GNUTLS +ACL +XZ +LZ4 +SECCOMP +BLKID +ELFUTILS +KMOD -IDN2 +IDN -PCRE2 default-hierarchy=hybrid)
[   13.469082] systemd[1]: Detected virtualization oracle.
[   14.009879] systemd[1]: Detected architecture x86-64.

Welcome to [1mUbuntu 18.04.2 LTS[0m!

[   14.548032] systemd[1]: Set hostname to <ubuntu-bionic>.
[   14.979262] systemd[1]: Started Forward Password Requests to Wall Directory Watch.
[[0;32m  OK  [0m] Started Forward Password Requests to Wall Directory Watch.
[   15.033360] systemd[1]: Reached target Swap.
[[0;32m  OK  [0m] Reached target Swap.
[   15.180275] systemd[1]: Created slice User and Session Slice.
[[0;32m  OK  [0m] Created slice User and Session Slice.
[   16.024966] systemd[1]: Reached target User and Group Name Lookups.
[[0;32m  OK  [0m] Reached target User and Group Name Lookups.
[   16.625390] systemd[1]: Set up automount Arbitrary Executable File Formats File System Automount Point.
[[0;32m  OK  [0m] Set up automount Arbitrary Executabâ€¦rmats File System Automount Point.
[   16.813074] systemd[1]: Created slice System Slice.
[[0;32m  OK  [0m] Created slice System Slice.
[[0;32m  OK  [0m] Listening on Journal Socket (/dev/log).
[[0;32m  OK  [0m] Listening on Journal Audit Socket.
[[0;32m  OK  [0m] Created slice system-serial\x2dgetty.slice.
[[0;32m  OK  [0m] Listening on udev Kernel Socket.
[[0;32m  OK  [0m] Reached target System Time Synchronized.
[[0;32m  OK  [0m] Listening on LVM2 metadata daemon socket.
[[0;32m  OK  [0m] Listening on udev Control Socket.
[[0;32m  OK  [0m] Listening on Syslog Socket.
[[0;32m  OK  [0m] Listening on Network Service Netlink Socket.
[[0;32m  OK  [0m] Listening on LVM2 poll daemon socket.
[[0;32m  OK  [0m] Listening on Journal Socket.
         Startin[   17.513464] random: crng init done
g Remount Root and Kernel File Systems...
[   17.528272] random: 7 urandom warning(s) missed due to ratelimiting
         Startin[   17.687510] EXT4-fs (sda1): re-mounted. Opts: (null)
g Set the console keyboard layout...
         Starting Journal Service...
         Mounting Kernel Debug File System...
         Starting Uncomplicated firewall...
         Mounting POSIX Message Queue File System...
[[0;32m  OK  [0m] Reached target Slices.
[[0;32m  OK  [0m] Listening on /dev/initctl Compatibility Named Pipe.
[[0;32m  OK  [0m] Listening on Device-mapper event daemon FIFOs.
[   17.887274] systemd[1]: Starting Monitoring of LVM2 mirrors, snapshots etc. using dmeventd or progress polling...
         Starting Monitoring of LVM2 mirrorsâ€¦ng dmeventd or progress polling...
[   18.031284] systemd[1]: Mounting Huge Pages File System...
         Mounting Huge Pages File System...
[   18.052778] systemd[1]: Starting Create list of required static device nodes for the current kernel...
         Starting Create list of required stâ€¦ce nodes for the current kernel...
[   18.119019] systemd[1]: Starting Load Kernel Modules...
         Starting Load Kernel Modules...
[   18.131965] systemd[1]: Starting udev Coldplug all Devices...
         Starting udev Coldplug all Devic[   18.160688] Loading iSCSI transport class v2.0-870.
es...
[   18.183808] systemd[1]: Started Journal Service.
[[0;32m  OK  [0m] Started Journal Service.
[   18.206004] iscsi: registered transport (tcp)
[[0;32m  OK  [0m] Started Remount Root and Kernel File Systems.
[[0;32m  OK  [0m] Started Set the console keyboard layout.
[[0;32m  OK  [0m] Mounted Kerne[   18.245223] iscsi: registered transport (iser)
l Debug File System.
[[0;32m  OK  [0m] Started Uncomplicated firewall.
[[0;32m  OK  [0m] Mounted POSIX Message Queue File System.
[[0;32m  OK  [0m] Mounted Huge Pages File System.
[[0;32m  OK  [0m] Started Create list of required staâ€¦vice nodes for the current kernel.
[[0;32m  OK  [0m] Started Load Kernel Modules.
[[0;32m  OK  [0m] Started LVM2 metadata daemon.
         Mounting FUSE Control File System...
         Mounting Kernel Configuration File System...
         Starting Apply Kernel Variables...
         Starting Create Static Device Nodes in /dev...
         Starting Load/Save Random Seed...
         Starting Flush Journal to Persistent Storage...
[[0;32m  OK  [0m] Started Monitoring of LVM2 mirrors,â€¦sing dmeventd or progress polling.
[[0;32m  OK  [0m] Started udev Coldplug all Devices.
[[0;32m  OK  [0m] Mounted FUSE Control File System.
[[0;32m  OK  [0m] Mounted Kernel Configuration File System.
[[0;32m  OK  [0m] Started Apply Kernel Variables.
[[0;32m  OK  [0m] Started Create Static Device Nodes in /dev.
[[0;32m  OK  [0m] Started Load/Save Random Seed.
         Starting udev Kernel Device Manager...
[[0;32m  OK  [0m] Reached target Local File Systems (Pre).
[[0;32m  OK  [0m] Reached target Local File Systems.
         Starting AppArmor initialization...
         Starting Tell Plymouth To Write Out Runtime Data...
         Starting Set console font and keymap...
         Starting ebtables ruleset management...
[[0;32m  OK  [0m] Started udev Kernel Device Manager.
[[0;32m  OK  [0m] Started Tell Plymouth To Write Out Runtime Data.
[[0;32m  OK  [0m] Started Set console font and keymap.
[[0;32m  OK  [0m] Started Dispatch Password Requests to Console Directory Watch.
[[0;32m  OK  [0m] Reached target Local Encrypted Volumes.
[[0;32m  OK  [0m] Started ebtables ruleset management.
[[0;32m  OK  [0m] Started Flush Journal to Persistent Storage.
[[0;32m  OK  [0m] Found device /dev/ttyS0.
         Starting Create Volatile Files and Directories...
[[0;32m  OK  [0m] Started Create Volatile Files and Directories.
         Starting Update UTMP about System Boot/Shutdown...
[[0;32m  OK  [0m] Started Update UTMP about System Boot/Shutdown.
[[0;32m  OK  [0m] Listening on Load/Save RF Kill Switch Status /dev/rfkill Watch.
[[0;32m  OK  [0m] Started AppArmor initialization.
         Starting Initial cloud-init job (pre-networking)...
[   21.466061] cloud-init[538]: Cloud-init v. 19.1-1-gbaa47854-0ubuntu1~18.04.1 running 'init-local' at Fri, 03 Jul 2020 06:42:56 +0000. Up 21.12 seconds.
[[0;32m  OK  [0m] Started Initial cloud-init job (pre-networking).
[[0;32m  OK  [0m] Reached target Network (Pre).
         Starting Network Service...
[[0;32m  OK  [0m] Started Network Service.
         Starting Network Name Resolution...
         Starting Wait for Network to be Configured...
[[0;32m  OK  [0m] Started Network Name Resolution.
[[0;32m  OK  [0m] Reached target Host and Network Name Lookups.
[[0;32m  OK  [0m] Reached target Network.
[[0;32m  OK  [0m] Started Wait for Network to be Configured.
         Starting Initial cloud-init job (metadata service crawler)...
[   24.795253] cloud-init[711]: Cloud-init v. 19.1-1-gbaa47854-0ubuntu1~18.04.1 running 'init' at Fri, 03 Jul 2020 06:43:00 +0000. Up 24.43 seconds.
[   24.888878] cloud-init[711]: ci-info: ++++++++++++++++++++++++++++++++++++++Net device info+++++++++++++++++++++++++++++++++++++++
[   24.916384] cloud-init[711]: ci-info: +--------+------+-----------------------------+---------------+--------+-------------------+
[   24.984385] cloud-init[711]: ci-info: | Device |  Up  |           Address           |      Mask     | Scope  |     Hw-Address    |
[   25.033590] cloud-init[711]: ci-info: +--------+------+-----------------------------+---------------+--------+-------------------+
[[   25.142887] cloud-init[711]: ci-info: | enp0s3 | True |          10.0.2.15          | 255.255.255.0 | global | 02:14:02:97:50:96 |
[   25.143252] cloud-init[711]: ci-info: | enp0s3 | True |  fe80::14:2ff:fe97:5096/64  |       .       |  link  | 02:14:02:97:50:96 |
[   25.143760] cloud-init[711]: ci-info: | enp0s8 | True |        192.168.33.10        | 255.255.255.0 | global | 08:00:27:d9:a4:0f |
[   25.144954] cloud-init[711]: ci-info: | enp0s8 | True | fe80::a00:27ff:fed9:a40f/64 |       .       |  link  | 08:00:27:d9:a4:0f |
[   25.145447] cloud-init[711]: ci-info: |   lo   | True |          127.0.0.1          |   255.0.0.0   |  host  |         .         |
[   25.145963] cloud-init[711]: ci-info: |   lo   | True |           ::1/128           |       .       |  host  |         .         |
[   25.146483] cloud-init[711]: ci-info: +--------+------+-----------------------------+---------------+--------+-------------------+
[0;32m  OK  [0m] Started Initial cloud-init job (metadata service crawler).
[[0;32m  OK  [0m] Reached target Network is Online.
[   25.147031] cloud-init[711]: ci-info: +++++++++++++++++++++++++++++Route IPv4 info+++++++++++++++++++++++++++++
[[0;32m  OK  [0m] Reached target Remote File Systems (Pre).
[[0;32m  OK  [0m] Reached target Remote File Systems.
[   25.487820] cloud-init[711]: ci-info: +-------+--------------+----------+-----------------+-----------+-------+
         Starting Availability of block devices...
[[0;32m  OK  [0m] Reached target System Initialization.
[   25.599287] cloud-init[711]: ci-info: | Route | Destination  | Gateway  |     Genmask     | Interface | Flags |
[   25.729146] cloud-init[711]: ci-info: +-------+--------------+----------+-----------------+-----------+-------+
[[0;32m  OK  [0m] Started ACPI Events Check.
[   25.735723] cloud-init[711]: [[0;32m  OK  [0m] Started Discard unused blocks once a week.
[[0;32m  OK  [0m] Reached target Paths.
[[0;32m  OK  [0m] Started Daily apt download activities.
[[0;32m  OK  [0m] Listening on ACPID Listen Socket.
[[0;32m  OK  [0m] Started Daily apt upgrade and clean activities.
[[0;32m  OK  [0m] Listening on D-Bus System Message Bus Socket.
[[0;32m  OK  [0m] Started Message of the Day.
ci-info: |   0   |   0.0.0.0    | 10.0.2.2 |     0.0.0.0     |   enp0s3  |   UG  |
         Starting LXD - unix socket.
[   25.797383] [cloud-init[0;32m  OK  [0m[711]: ] ci-info: |   1   |   10.0.2.0   | 0.0.0.0  |  255.255.255.0  |   enp0s3  |   U   |Started Daily Cleanup of Temporary Directories.

[[0;32m  OK  [0m] Reached target Timers.
[   25.815632] cloud-init[711]: ci-info: |   2   |   10.0.2.2   | 0.0.0.0  | 255.255.255.255 |   enp0s3  |   UH  |
[[0;32m  OK  [0m] Listening on UUID daemon activation socket.
[   25.825381] [[0;32m  OK  [0m] Listening on Open-iSCSI iscsid Socket.
         Starting Socket activation for snappy daemon.
[[0;32m  OK  [0m] Reached target Cloud-config availability.
[[0;32m  OK  [0m] Started Availability of block devices.
[[0;32m  OK  [0m] Listening on LXD - unix socket.
[[0;32m  OK  [0m] Listening on Socket activation for snappy daemon.
[[0;32m  OK  [0m] Reached target Sockets.
cloud-init[711]: ci-info: |   3   | 192.168.33.0 | 0.0.0.0  |  255.255.255.0  |   enp0s8  |   U   |
[   25.852413] cloud-init[711]: ci-info: +-------+--------------+----------+-----------------+-----------+-------+
[   25.852459] cloud-init[711]: ci-info: +++++++++++++++++++Route IPv6 info+++++++++++++++++++
[[0;32m  OK  [0m] Reached target Basic System.
[   25.852859] cloud-init[711]: ci-info: +-------+-------------+---------+-----------+-------+
[   26.100853] cloud-init[711]: ci-info: | Route | Destination | Gateway | Interface | Flags |
[   26.101058] cloud-init[711]: ci-info: +-------+-------------+---------+-----------+-------+
[   26.102077] cloud-init[711]: ci-info: |   1   |  fe80::/64  |    ::   |   enp0s8  |   U   |
[   26.102573] cloud-init[711]: ci-info: |   2   |  fe80::/64  |    ::   |   enp0s3  |   U   |
[[0;32m  OK  [0m] Started D-Bus System Message Bus.
[   26.103043] cloud-init[711]: ci-info: |   4   |    local    |    ::   |   enp0s3  |   U   |
         [   26.216698] cloud-init[711]: ci-info: |   5   |    local    |    ::   |   enp0s8  |   U   |
[   26.217581] cloud-init[711]: ci-info: |   6   |   ff00::/8  |    ::   |   enp0s8  |   U   |
[   26.217904] cloud-init[711]: ci-info: |   7   |   ff00::/8  |    ::   |   enp0s3  |   U   |
[   26.218205] cloud-init[711]: ci-info: +-------+-------------+---------+-----------+-------+
Starting System Logging Service...
         Starting LXD - container startup/shutdown...
         Starting Accounts Service...
         Starting Dispatcher daemon for systemd-networkd...
[[0;32m  OK  [0m] Started irqbalance daemon.
         Starting Login Service...
         Starting LSB: automatic crash report generation...
[[0;32m  OK  [0m] Started FUSE filesystem for LXC.
[[0;32m  OK  [0m] Started Regular background program processing daemon.
         Starting Snappy daemon...
[[0;32m  OK  [0m] Started Deferred execution scheduler.
         Starting LSB: Record successful boot for GRUB...
         Starting OpenBSD Secure Shell server...
         Starting vboxadd.service...
         Starting Permit User Sessions...
[[0;32m  OK  [0m] Started System Logging Service.
[[0;32m  OK  [0m] Started LXD - container startup/shutdown.
[[0;32m  OK  [0m] Started Login Service.
[[0;32m  OK  [0m] Started Permit User Sessions.
         Starting Hold until boot process finishes up...
         Starting Terminate Plymouth Boot Screen...
[[0;32m  OK  [0m] Started Unattended Upgrades Shutdown.
         Starting Authorization Manager...
[[0;32m  OK  [0m] Started OpenBSD Secure Shell server.
[[0;32m  OK  [0m] Started LSB: Record successful boot for GRUB.
[[0;32m  OK  [0m] Started Hold until boot process finishes up.
[[0;32m  OK  [0m] Started Terminate Plymouth Boot Screen.
[[0;32m  OK  [0m] Started LSB: automatic crash report generation.
         Starting Set console scheme...
[[0;32m  OK  [0m] Started Serial Getty on ttyS0.
[[0;32m  OK  [0m] Started Set console scheme.
[[0;32m  OK  [0m] Created slice system-getty.slice.
[[0;32m  OK  [0m] Started Getty on tty1.
[[0;32m  OK  [0m] Reached target Login Prompts.
[[0;32m  OK  [0m] Started Authorization Manager.
[[0;32m  OK  [0m] Started Accounts Service.
[[0;32m  OK  [0m] Created slice User Slice of vagrant.
[[0;32m  OK  [0m] Started Snappy daemon.
[[0;32m  OK  [0m] Started Dispatcher daemon for systemd-networkd.
[[0;32m  OK  [0m] Started Session 1 of user vagrant.
         Starting User Manager for UID 1000...
         Starting Wait until snapd is fully seeded...
[[0;32m  OK  [0m] Started vboxadd.service.
         Starting vboxadd-service.service...
[[0;32m  OK  [0m] Started Wait until snapd is fully seeded.
         Starting Apply the settings specified in cloud-config...
[[0;32m  OK  [0m] Started vboxadd-service.service.
[[0;32m  OK  [0m] Started User Manager for UID 1000.
[[0;32m  OK  [0m] Reached target Multi-User System.
[[0;32m  OK  [0m] Reached target Graphical Interface.
         Starting Update UTMP about System Runlevel Changes...
[[0;32m  OK  [0m] Started Update UTMP about System Runlevel Changes.
[   28.696252] cloud-init[1144]: Cloud-init v. 19.1-1-gbaa47854-0ubuntu1~18.04.1 running 'modules:config' at Fri, 03 Jul 2020 06:43:04 +0000. Up 28.47 seconds.
[[0;32m  OK  [0m] Started Apply the settings specified in cloud-config.
         Starting Execute cloud user/final scripts...
[   29.614040] cloud-init[1224]: Cloud-init v. 19.1-1-gbaa47854-0ubuntu1~18.04.1 running 'modules:final' at Fri, 03 Jul 2020 06:43:05 +0000. Up 29.29 seconds.
[   29.621272] cloud-init[1224]: Cloud-init v. 19.1-1-gbaa47854-0ubuntu1~18.04.1 finished at Fri, 03 Jul 2020 06:43:05 +0000. Datasource DataSourceNoCloud [seed=/dev/sdb][dsmode=net].  Up 29.60 seconds
[[0;32m  OK  [0m] Started Execute cloud user/final scripts.
[[0;32m  OK  [0m] Reached target Cloud-init target.

Ubuntu 18.04.2 LTS ubuntu-bionic ttyS0

ubuntu-bionic login: 